\BOOKMARK [1][-]{section.1}{\376\377\006\105\006\102\006\057\006\105\006\107\000\040\006\110\000\040\006\064\006\061\006\055\000\040\006\251\006\104\006\314\000\040\006\176\006\061\006\110\006\230\006\107}{}% 1
\BOOKMARK [1][-]{section.2}{\376\377\006\106\006\102\006\064\000\040\006\110\000\040\006\251\006\047\006\061\006\107\006\047\006\314\000\040\006\107\006\061\000\040\006\071\006\066\006\110\000\040\006\057\006\061\000\040\006\107\006\061\000\040\006\101\006\047\006\062}{}% 2
\BOOKMARK [2][-]{subsection.2.1}{\376\377\006\101\006\047\006\062\000\040\006\047\006\110\006\104\000\040\000-\000\040\006\101\006\061\006\047\006\106\006\052\040\014\006\047\006\106\006\057}{section.2}% 3
\BOOKMARK [2][-]{subsection.2.2}{\376\377\006\101\006\047\006\062\000\040\006\057\006\110\006\105\000\040\000-\000\040\006\050\006\251\040\014\006\047\006\106\006\057}{section.2}% 4
\BOOKMARK [2][-]{subsection.2.3}{\376\377\006\052\006\063\006\052\040\014\006\106\006\110\006\314\006\063\006\314}{section.2}% 5
\BOOKMARK [1][-]{section.3}{\376\377\006\102\006\110\006\047\006\106\006\314\006\106\000\040\006\052\006\110\006\063\006\071\006\107\000\040\006\110\000\040\006\101\006\061\006\042\006\314\006\106\006\057\000\040\006\251\006\047\006\061}{}% 6
\BOOKMARK [2][-]{subsection.3.1}{\376\377\006\064\006\047\006\056\006\107\040\014\006\050\006\106\006\057\006\314\000\040\006\257\006\314\006\052}{section.3}% 7
\BOOKMARK [2][-]{subsection.3.2}{\376\377\006\102\006\047\006\104\006\050\000\040\006\176\006\314\006\047\006\105\000\040\006\251\006\047\006\105\006\314\006\052}{section.3}% 8
\BOOKMARK [2][-]{subsection.3.3}{\376\377\006\102\006\061\006\047\006\061\006\057\006\047\006\057\006\107\006\047\006\314\000\040\006\106\006\047\006\105\040\014\006\257\006\060\006\047\006\061\006\314}{section.3}% 9
\BOOKMARK [2][-]{subsection.3.4}{\376\377\006\101\006\061\006\042\006\314\006\106\006\057\000\040\006\047\006\057\006\072\006\047\006\105\000\040\006\101\006\061\006\047\006\106\006\052\040\014\006\047\006\106\006\057\000\040\006\110\000\040\006\050\006\251\040\014\006\047\006\106\006\057}{section.3}% 10
\BOOKMARK [1][-]{section.4}{\376\377\006\063\006\047\006\056\006\052\006\047\006\061\000\040\006\176\006\061\006\110\006\230\006\107\000\040\006\110\000\040\006\052\006\110\006\054\006\314\006\107\000\040\006\042\006\106}{}% 11
\BOOKMARK [2][-]{subsection.4.1}{\376\377\006\063\006\047\006\056\006\052\006\047\006\061\000\040\006\101\006\061\006\047\006\106\006\052\040\014\006\047\006\106\006\057}{section.4}% 12
\BOOKMARK [2][-]{subsection.4.2}{\376\377\006\063\006\047\006\056\006\052\006\047\006\061\000\040\006\050\006\251\040\014\006\047\006\106\006\057}{section.4}% 13
\BOOKMARK [1][-]{section.5}{\376\377\006\052\006\110\006\054\006\314\006\107\000\040\006\106\006\257\006\107\006\057\006\047\006\061\006\314\040\014\006\176\006\060\006\314\006\061\006\314\000\040\006\251\006\057}{}% 14
\BOOKMARK [1][-]{section.6}{\376\377\006\105\006\057\006\104\040\014\006\107\006\047\006\314\000\040\006\105\006\110\006\054\006\110\006\057\000\040\006\057\006\061\000\040\006\050\006\251\040\014\006\047\006\106\006\057\006\014\000\040\006\061\006\110\006\047\006\050\006\067\000\040\006\110\000\040\006\052\006\110\006\054\006\314\006\107\000\040\006\042\006\106\040\014\006\107\006\047}{}% 15
\BOOKMARK [2][-]{subsection.6.1}{\376\377\006\052\006\110\006\054\006\314\006\107\000\040\006\061\006\110\006\047\006\050\006\067\000\040\006\251\006\104\006\314\006\057\006\314}{section.6}% 16
\BOOKMARK [1][-]{section.7}{\376\377\006\106\006\105\006\110\006\106\006\107\000\040\006\251\006\057\000\040\006\052\006\110\006\104\006\314\006\057\006\064\006\057\006\107\000\040\006\050\006\047\000\040\006\251\006\105\006\251\000\040\006\107\006\110\006\064\000\040\006\105\006\065\006\106\006\110\006\071\006\314}{}% 17
\BOOKMARK [2][-]{subsection.7.1}{\376\377\006\101\006\047\006\062\000\040\006\047\006\110\006\104\000\040\000-\000\040\006\101\006\061\006\047\006\106\006\052\040\014\006\047\006\106\006\057\000:\000\040\006\063\006\314\006\063\006\052\006\105\000\040\006\176\006\314\006\064\006\106\006\107\006\047\006\057\006\057\006\107\006\106\006\057\006\107\006\124\000\040\006\042\006\107\006\106\006\257}{section.7}% 18
\BOOKMARK [2][-]{subsection.7.2}{\376\377\006\101\006\047\006\062\000\040\006\057\006\110\006\105\000\040\000-\000\040\006\050\006\251\040\014\006\047\006\106\006\057\000:\000\040\006\104\006\047\006\314\006\107\006\124\000\040\006\047\006\106\006\052\006\062\006\047\006\071\006\314\000\040\006\057\006\061\006\257\006\047\006\107\000\040\006\176\006\061\006\057\006\047\006\056\006\052}{section.7}% 19
\BOOKMARK [1][-]{section.8}{\376\377\006\106\006\102\006\047\006\067\000\040\006\102\006\110\006\052\000\040\006\110\000\040\006\066\006\071\006\101\000\040\006\107\006\110\006\064\000\040\006\105\006\065\006\106\006\110\006\071\006\314\000\040\006\057\006\061\000\040\006\052\006\110\006\063\006\071\006\107\006\124\000\040\006\101\006\061\006\047\006\106\006\052\040\014\006\047\006\106\006\057\000\040\006\057\006\061\000\040\006\050\006\061\006\047\006\050\006\061\000\040\006\050\006\251\040\014\006\047\006\106\006\057}{}% 20
\BOOKMARK [2][-]{subsection.8.1}{\376\377\006\101\006\061\006\047\006\106\006\052\040\014\006\047\006\106\006\057}{section.8}% 21
\BOOKMARK [2][-]{subsection.8.2}{\376\377\006\050\006\251\040\014\006\047\006\106\006\057}{section.8}% 22
\BOOKMARK [1][-]{section.9}{\376\377\006\054\006\105\006\071\040\014\006\050\006\106\006\057\006\314}{}% 23
